
*** Running vivado
    with args -log axi_lite_slave.vds -m64 -product Vivado -mode batch -messageDb vivado.pb -notrace -source axi_lite_slave.tcl


****** Vivado v2022.2 (64-bit)
  **** SW Build 3671981 on Fri Oct 14 04:59:54 MDT 2022
  **** IP Build 3669848 on Fri Oct 14 08:30:02 MDT 2022
    ** Copyright 1986-2022 Xilinx, Inc. All Rights Reserved.

source axi_lite_slave.tcl -notrace
create_project: Time (s): cpu = 00:00:12 ; elapsed = 00:00:12 . Memory (MB): peak = 1362.020 ; gain = 15.023 ; free physical = 311 ; free virtual = 5391
INFO: [IP_Flow 19-234] Refreshing IP repositories
INFO: [IP_Flow 19-1700] Loaded user IP repository '/home/javier/TFG/vivado/ip_repo/AXI4-lite_custom'.
WARNING: [IP_Flow 19-3656] If you move the project, the path for repository '/home/javier/TFG/vivado/ip_repo/AXI4-lite_custom' may become invalid. A better location for the repository would be in a path adjacent to the project. (Current project location is '/home/javier/TFG/vivado/ip_repo/AXI4-lite_custom/AXI4-lite_custom.runs/synth_1'.)
INFO: [IP_Flow 19-2313] Loaded Vivado IP repository '/home/javier/Xilinx/Vivado/2022.2/data/ip'.
Command: synth_design -top axi_lite_slave -part xc7z020clg484-1
Starting synth_design
Attempting to get a license for feature 'Synthesis' and/or device 'xc7z020'
INFO: [Common 17-349] Got license for feature 'Synthesis' and/or device 'xc7z020'
INFO: [Synth 8-7079] Multithreading enabled for synth_design using a maximum of 4 processes.
INFO: [Synth 8-7078] Launching helper process for spawning children vivado processes
INFO: [Synth 8-7075] Helper process launched with PID 48517
INFO: [Synth 8-11241] undeclared symbol 'REGCCE', assumed default net type 'wire' [/home/javier/Xilinx/Vivado/2022.2/data/verilog/src/unimacro/BRAM_SINGLE_MACRO.v:2170]
---------------------------------------------------------------------------------
Starting Synthesize : Time (s): cpu = 00:00:05 ; elapsed = 00:00:06 . Memory (MB): peak = 1774.477 ; gain = 382.707 ; free physical = 436 ; free virtual = 5191
Synthesis current peak Physical Memory [PSS] (MB): peak = 1268.548; parent = 994.235; children = 274.312
Synthesis current peak Virtual Memory [VSS] (MB): peak = 2743.082; parent = 1774.480; children = 968.602
---------------------------------------------------------------------------------
INFO: [Synth 8-638] synthesizing module 'axi_lite_slave' [/home/javier/TFG/vivado/ip_repo/AXI4-lite_custom/AXI4-lite_custom.srcs/sources_1/new/axi_lite_slave.vhd:64]
INFO: [Synth 8-256] done synthesizing module 'axi_lite_slave' (0#1) [/home/javier/TFG/vivado/ip_repo/AXI4-lite_custom/AXI4-lite_custom.srcs/sources_1/new/axi_lite_slave.vhd:64]
WARNING: [Synth 8-6014] Unused sequential element awaddr_lat_reg was removed.  [/home/javier/TFG/vivado/ip_repo/AXI4-lite_custom/AXI4-lite_custom.srcs/sources_1/new/axi_lite_slave.vhd:140]
WARNING: [Synth 8-6014] Unused sequential element araddr_lat_reg was removed.  [/home/javier/TFG/vivado/ip_repo/AXI4-lite_custom/AXI4-lite_custom.srcs/sources_1/new/axi_lite_slave.vhd:198]
WARNING: [Synth 8-6014] Unused sequential element ar_index_lat_reg was removed.  [/home/javier/TFG/vivado/ip_repo/AXI4-lite_custom/AXI4-lite_custom.srcs/sources_1/new/axi_lite_slave.vhd:207]
WARNING: [Synth 8-7129] Port S_AXI_AWADDR[31] in module axi_lite_slave is either unconnected or has no load
WARNING: [Synth 8-7129] Port S_AXI_AWADDR[30] in module axi_lite_slave is either unconnected or has no load
WARNING: [Synth 8-7129] Port S_AXI_AWADDR[29] in module axi_lite_slave is either unconnected or has no load
WARNING: [Synth 8-7129] Port S_AXI_AWADDR[28] in module axi_lite_slave is either unconnected or has no load
WARNING: [Synth 8-7129] Port S_AXI_AWADDR[27] in module axi_lite_slave is either unconnected or has no load
WARNING: [Synth 8-7129] Port S_AXI_AWADDR[26] in module axi_lite_slave is either unconnected or has no load
WARNING: [Synth 8-7129] Port S_AXI_AWADDR[25] in module axi_lite_slave is either unconnected or has no load
WARNING: [Synth 8-7129] Port S_AXI_AWADDR[24] in module axi_lite_slave is either unconnected or has no load
WARNING: [Synth 8-7129] Port S_AXI_AWADDR[23] in module axi_lite_slave is either unconnected or has no load
WARNING: [Synth 8-7129] Port S_AXI_AWADDR[22] in module axi_lite_slave is either unconnected or has no load
WARNING: [Synth 8-7129] Port S_AXI_AWADDR[21] in module axi_lite_slave is either unconnected or has no load
WARNING: [Synth 8-7129] Port S_AXI_AWADDR[20] in module axi_lite_slave is either unconnected or has no load
WARNING: [Synth 8-7129] Port S_AXI_AWADDR[19] in module axi_lite_slave is either unconnected or has no load
WARNING: [Synth 8-7129] Port S_AXI_AWADDR[18] in module axi_lite_slave is either unconnected or has no load
WARNING: [Synth 8-7129] Port S_AXI_AWADDR[17] in module axi_lite_slave is either unconnected or has no load
WARNING: [Synth 8-7129] Port S_AXI_AWADDR[16] in module axi_lite_slave is either unconnected or has no load
WARNING: [Synth 8-7129] Port S_AXI_AWADDR[15] in module axi_lite_slave is either unconnected or has no load
WARNING: [Synth 8-7129] Port S_AXI_AWADDR[14] in module axi_lite_slave is either unconnected or has no load
WARNING: [Synth 8-7129] Port S_AXI_AWADDR[13] in module axi_lite_slave is either unconnected or has no load
WARNING: [Synth 8-7129] Port S_AXI_AWADDR[12] in module axi_lite_slave is either unconnected or has no load
WARNING: [Synth 8-7129] Port S_AXI_AWADDR[11] in module axi_lite_slave is either unconnected or has no load
WARNING: [Synth 8-7129] Port S_AXI_AWADDR[10] in module axi_lite_slave is either unconnected or has no load
WARNING: [Synth 8-7129] Port S_AXI_AWADDR[9] in module axi_lite_slave is either unconnected or has no load
WARNING: [Synth 8-7129] Port S_AXI_AWADDR[8] in module axi_lite_slave is either unconnected or has no load
WARNING: [Synth 8-7129] Port S_AXI_AWADDR[1] in module axi_lite_slave is either unconnected or has no load
WARNING: [Synth 8-7129] Port S_AXI_AWADDR[0] in module axi_lite_slave is either unconnected or has no load
WARNING: [Synth 8-7129] Port S_AXI_ARADDR[31] in module axi_lite_slave is either unconnected or has no load
WARNING: [Synth 8-7129] Port S_AXI_ARADDR[30] in module axi_lite_slave is either unconnected or has no load
WARNING: [Synth 8-7129] Port S_AXI_ARADDR[29] in module axi_lite_slave is either unconnected or has no load
WARNING: [Synth 8-7129] Port S_AXI_ARADDR[28] in module axi_lite_slave is either unconnected or has no load
WARNING: [Synth 8-7129] Port S_AXI_ARADDR[27] in module axi_lite_slave is either unconnected or has no load
WARNING: [Synth 8-7129] Port S_AXI_ARADDR[26] in module axi_lite_slave is either unconnected or has no load
WARNING: [Synth 8-7129] Port S_AXI_ARADDR[25] in module axi_lite_slave is either unconnected or has no load
WARNING: [Synth 8-7129] Port S_AXI_ARADDR[24] in module axi_lite_slave is either unconnected or has no load
WARNING: [Synth 8-7129] Port S_AXI_ARADDR[23] in module axi_lite_slave is either unconnected or has no load
WARNING: [Synth 8-7129] Port S_AXI_ARADDR[22] in module axi_lite_slave is either unconnected or has no load
WARNING: [Synth 8-7129] Port S_AXI_ARADDR[21] in module axi_lite_slave is either unconnected or has no load
WARNING: [Synth 8-7129] Port S_AXI_ARADDR[20] in module axi_lite_slave is either unconnected or has no load
WARNING: [Synth 8-7129] Port S_AXI_ARADDR[19] in module axi_lite_slave is either unconnected or has no load
WARNING: [Synth 8-7129] Port S_AXI_ARADDR[18] in module axi_lite_slave is either unconnected or has no load
WARNING: [Synth 8-7129] Port S_AXI_ARADDR[17] in module axi_lite_slave is either unconnected or has no load
WARNING: [Synth 8-7129] Port S_AXI_ARADDR[16] in module axi_lite_slave is either unconnected or has no load
WARNING: [Synth 8-7129] Port S_AXI_ARADDR[15] in module axi_lite_slave is either unconnected or has no load
WARNING: [Synth 8-7129] Port S_AXI_ARADDR[14] in module axi_lite_slave is either unconnected or has no load
WARNING: [Synth 8-7129] Port S_AXI_ARADDR[13] in module axi_lite_slave is either unconnected or has no load
WARNING: [Synth 8-7129] Port S_AXI_ARADDR[12] in module axi_lite_slave is either unconnected or has no load
WARNING: [Synth 8-7129] Port S_AXI_ARADDR[11] in module axi_lite_slave is either unconnected or has no load
WARNING: [Synth 8-7129] Port S_AXI_ARADDR[10] in module axi_lite_slave is either unconnected or has no load
WARNING: [Synth 8-7129] Port S_AXI_ARADDR[9] in module axi_lite_slave is either unconnected or has no load
WARNING: [Synth 8-7129] Port S_AXI_ARADDR[8] in module axi_lite_slave is either unconnected or has no load
WARNING: [Synth 8-7129] Port S_AXI_ARADDR[1] in module axi_lite_slave is either unconnected or has no load
WARNING: [Synth 8-7129] Port S_AXI_ARADDR[0] in module axi_lite_slave is either unconnected or has no load
---------------------------------------------------------------------------------
Finished Synthesize : Time (s): cpu = 00:00:08 ; elapsed = 00:00:08 . Memory (MB): peak = 1843.445 ; gain = 451.676 ; free physical = 614 ; free virtual = 5337
Synthesis current peak Physical Memory [PSS] (MB): peak = 1268.548; parent = 994.235; children = 274.312
Synthesis current peak Virtual Memory [VSS] (MB): peak = 2812.051; parent = 1843.449; children = 968.602
---------------------------------------------------------------------------------
---------------------------------------------------------------------------------
Finished Constraint Validation : Time (s): cpu = 00:00:08 ; elapsed = 00:00:09 . Memory (MB): peak = 1858.289 ; gain = 466.520 ; free physical = 606 ; free virtual = 5328
Synthesis current peak Physical Memory [PSS] (MB): peak = 1268.548; parent = 994.235; children = 274.312
Synthesis current peak Virtual Memory [VSS] (MB): peak = 2826.895; parent = 1858.293; children = 968.602
---------------------------------------------------------------------------------
---------------------------------------------------------------------------------
Start Loading Part and Timing Information
---------------------------------------------------------------------------------
Loading part: xc7z020clg484-1
---------------------------------------------------------------------------------
Finished Loading Part and Timing Information : Time (s): cpu = 00:00:08 ; elapsed = 00:00:09 . Memory (MB): peak = 1866.293 ; gain = 474.523 ; free physical = 606 ; free virtual = 5328
INFO: [Device 21-403] Loading part xc7z020clg484-1
Synthesis current peak Physical Memory [PSS] (MB): peak = 1268.548; parent = 994.235; children = 274.312
Synthesis current peak Virtual Memory [VSS] (MB): peak = 2834.898; parent = 1866.297; children = 968.602
---------------------------------------------------------------------------------
---------------------------------------------------------------------------------
Finished RTL Optimization Phase 2 : Time (s): cpu = 00:00:09 ; elapsed = 00:00:09 . Memory (MB): peak = 1875.199 ; gain = 483.430 ; free physical = 594 ; free virtual = 5319
Synthesis current peak Physical Memory [PSS] (MB): peak = 1268.548; parent = 994.235; children = 274.312
Synthesis current peak Virtual Memory [VSS] (MB): peak = 2843.805; parent = 1875.203; children = 968.602
---------------------------------------------------------------------------------
No constraint files found.
---------------------------------------------------------------------------------
Start RTL Component Statistics 
---------------------------------------------------------------------------------
Detailed RTL Component Info : 
+---Registers : 
	               32 Bit    Registers := 7     
	                6 Bit    Registers := 1     
	                4 Bit    Registers := 1     
	                2 Bit    Registers := 2     
	                1 Bit    Registers := 7     
+---Muxes : 
	   2 Input   32 Bit        Muxes := 2     
	   2 Input    8 Bit        Muxes := 2     
	   2 Input    1 Bit        Muxes := 9     
	   6 Input    1 Bit        Muxes := 4     
---------------------------------------------------------------------------------
Finished RTL Component Statistics 
---------------------------------------------------------------------------------
---------------------------------------------------------------------------------
Start Part Resource Summary
---------------------------------------------------------------------------------
Part Resources:
DSPs: 220 (col length:60)
BRAMs: 280 (col length: RAMB18 60 RAMB36 30)
---------------------------------------------------------------------------------
Finished Part Resource Summary
---------------------------------------------------------------------------------
No constraint files found.
---------------------------------------------------------------------------------
Start Cross Boundary and Area Optimization
---------------------------------------------------------------------------------
WARNING: [Synth 8-7080] Parallel synthesis criteria is not met
WARNING: [Synth 8-7129] Port S_AXI_AWADDR[31] in module axi_lite_slave is either unconnected or has no load
WARNING: [Synth 8-7129] Port S_AXI_AWADDR[30] in module axi_lite_slave is either unconnected or has no load
WARNING: [Synth 8-7129] Port S_AXI_AWADDR[29] in module axi_lite_slave is either unconnected or has no load
WARNING: [Synth 8-7129] Port S_AXI_AWADDR[28] in module axi_lite_slave is either unconnected or has no load
WARNING: [Synth 8-7129] Port S_AXI_AWADDR[27] in module axi_lite_slave is either unconnected or has no load
WARNING: [Synth 8-7129] Port S_AXI_AWADDR[26] in module axi_lite_slave is either unconnected or has no load
WARNING: [Synth 8-7129] Port S_AXI_AWADDR[25] in module axi_lite_slave is either unconnected or has no load
WARNING: [Synth 8-7129] Port S_AXI_AWADDR[24] in module axi_lite_slave is either unconnected or has no load
WARNING: [Synth 8-7129] Port S_AXI_AWADDR[23] in module axi_lite_slave is either unconnected or has no load
WARNING: [Synth 8-7129] Port S_AXI_AWADDR[22] in module axi_lite_slave is either unconnected or has no load
WARNING: [Synth 8-7129] Port S_AXI_AWADDR[21] in module axi_lite_slave is either unconnected or has no load
WARNING: [Synth 8-7129] Port S_AXI_AWADDR[20] in module axi_lite_slave is either unconnected or has no load
WARNING: [Synth 8-7129] Port S_AXI_AWADDR[19] in module axi_lite_slave is either unconnected or has no load
WARNING: [Synth 8-7129] Port S_AXI_AWADDR[18] in module axi_lite_slave is either unconnected or has no load
WARNING: [Synth 8-7129] Port S_AXI_AWADDR[17] in module axi_lite_slave is either unconnected or has no load
WARNING: [Synth 8-7129] Port S_AXI_AWADDR[16] in module axi_lite_slave is either unconnected or has no load
WARNING: [Synth 8-7129] Port S_AXI_AWADDR[15] in module axi_lite_slave is either unconnected or has no load
WARNING: [Synth 8-7129] Port S_AXI_AWADDR[14] in module axi_lite_slave is either unconnected or has no load
WARNING: [Synth 8-7129] Port S_AXI_AWADDR[13] in module axi_lite_slave is either unconnected or has no load
WARNING: [Synth 8-7129] Port S_AXI_AWADDR[12] in module axi_lite_slave is either unconnected or has no load
WARNING: [Synth 8-7129] Port S_AXI_AWADDR[11] in module axi_lite_slave is either unconnected or has no load
WARNING: [Synth 8-7129] Port S_AXI_AWADDR[10] in module axi_lite_slave is either unconnected or has no load
WARNING: [Synth 8-7129] Port S_AXI_AWADDR[9] in module axi_lite_slave is either unconnected or has no load
WARNING: [Synth 8-7129] Port S_AXI_AWADDR[8] in module axi_lite_slave is either unconnected or has no load
WARNING: [Synth 8-7129] Port S_AXI_AWADDR[1] in module axi_lite_slave is either unconnected or has no load
WARNING: [Synth 8-7129] Port S_AXI_AWADDR[0] in module axi_lite_slave is either unconnected or has no load
WARNING: [Synth 8-7129] Port S_AXI_ARADDR[31] in module axi_lite_slave is either unconnected or has no load
WARNING: [Synth 8-7129] Port S_AXI_ARADDR[30] in module axi_lite_slave is either unconnected or has no load
WARNING: [Synth 8-7129] Port S_AXI_ARADDR[29] in module axi_lite_slave is either unconnected or has no load
WARNING: [Synth 8-7129] Port S_AXI_ARADDR[28] in module axi_lite_slave is either unconnected or has no load
WARNING: [Synth 8-7129] Port S_AXI_ARADDR[27] in module axi_lite_slave is either unconnected or has no load
WARNING: [Synth 8-7129] Port S_AXI_ARADDR[26] in module axi_lite_slave is either unconnected or has no load
WARNING: [Synth 8-7129] Port S_AXI_ARADDR[25] in module axi_lite_slave is either unconnected or has no load
WARNING: [Synth 8-7129] Port S_AXI_ARADDR[24] in module axi_lite_slave is either unconnected or has no load
WARNING: [Synth 8-7129] Port S_AXI_ARADDR[23] in module axi_lite_slave is either unconnected or has no load
WARNING: [Synth 8-7129] Port S_AXI_ARADDR[22] in module axi_lite_slave is either unconnected or has no load
WARNING: [Synth 8-7129] Port S_AXI_ARADDR[21] in module axi_lite_slave is either unconnected or has no load
WARNING: [Synth 8-7129] Port S_AXI_ARADDR[20] in module axi_lite_slave is either unconnected or has no load
WARNING: [Synth 8-7129] Port S_AXI_ARADDR[19] in module axi_lite_slave is either unconnected or has no load
WARNING: [Synth 8-7129] Port S_AXI_ARADDR[18] in module axi_lite_slave is either unconnected or has no load
WARNING: [Synth 8-7129] Port S_AXI_ARADDR[17] in module axi_lite_slave is either unconnected or has no load
WARNING: [Synth 8-7129] Port S_AXI_ARADDR[16] in module axi_lite_slave is either unconnected or has no load
WARNING: [Synth 8-7129] Port S_AXI_ARADDR[15] in module axi_lite_slave is either unconnected or has no load
WARNING: [Synth 8-7129] Port S_AXI_ARADDR[14] in module axi_lite_slave is either unconnected or has no load
WARNING: [Synth 8-7129] Port S_AXI_ARADDR[13] in module axi_lite_slave is either unconnected or has no load
WARNING: [Synth 8-7129] Port S_AXI_ARADDR[12] in module axi_lite_slave is either unconnected or has no load
WARNING: [Synth 8-7129] Port S_AXI_ARADDR[11] in module axi_lite_slave is either unconnected or has no load
WARNING: [Synth 8-7129] Port S_AXI_ARADDR[10] in module axi_lite_slave is either unconnected or has no load
INFO: [Common 17-14] Message 'Synth 8-7129' appears 100 times and further instances of the messages will be disabled. Use the Tcl command set_msg_config to change the current settings.
---------------------------------------------------------------------------------
Finished Cross Boundary and Area Optimization : Time (s): cpu = 00:00:16 ; elapsed = 00:00:18 . Memory (MB): peak = 2027.270 ; gain = 635.500 ; free physical = 354 ; free virtual = 5039
Synthesis current peak Physical Memory [PSS] (MB): peak = 1449.942; parent = 1242.292; children = 274.312
Synthesis current peak Virtual Memory [VSS] (MB): peak = 2995.875; parent = 2027.273; children = 968.602
---------------------------------------------------------------------------------
No constraint files found.
---------------------------------------------------------------------------------
Start Timing Optimization
---------------------------------------------------------------------------------
---------------------------------------------------------------------------------
Finished Timing Optimization : Time (s): cpu = 00:00:16 ; elapsed = 00:00:18 . Memory (MB): peak = 2027.270 ; gain = 635.500 ; free physical = 385 ; free virtual = 5030
Synthesis current peak Physical Memory [PSS] (MB): peak = 1452.618; parent = 1244.979; children = 274.312
Synthesis current peak Virtual Memory [VSS] (MB): peak = 2995.875; parent = 2027.273; children = 968.602
---------------------------------------------------------------------------------
---------------------------------------------------------------------------------
Start Technology Mapping
---------------------------------------------------------------------------------
---------------------------------------------------------------------------------
Finished Technology Mapping : Time (s): cpu = 00:00:16 ; elapsed = 00:00:18 . Memory (MB): peak = 2035.277 ; gain = 643.508 ; free physical = 387 ; free virtual = 5030
Synthesis current peak Physical Memory [PSS] (MB): peak = 1454.017; parent = 1246.378; children = 274.312
Synthesis current peak Virtual Memory [VSS] (MB): peak = 3003.883; parent = 2035.281; children = 968.602
---------------------------------------------------------------------------------
---------------------------------------------------------------------------------
Start IO Insertion
---------------------------------------------------------------------------------
---------------------------------------------------------------------------------
Start Flattening Before IO Insertion
---------------------------------------------------------------------------------
---------------------------------------------------------------------------------
Finished Flattening Before IO Insertion
---------------------------------------------------------------------------------
---------------------------------------------------------------------------------
Start Final Netlist Cleanup
---------------------------------------------------------------------------------
---------------------------------------------------------------------------------
Finished Final Netlist Cleanup
---------------------------------------------------------------------------------
---------------------------------------------------------------------------------
Finished IO Insertion : Time (s): cpu = 00:00:21 ; elapsed = 00:00:23 . Memory (MB): peak = 2035.277 ; gain = 643.508 ; free physical = 376 ; free virtual = 5021
Synthesis current peak Physical Memory [PSS] (MB): peak = 1454.179; parent = 1246.540; children = 274.312
Synthesis current peak Virtual Memory [VSS] (MB): peak = 3003.883; parent = 2035.281; children = 968.602
---------------------------------------------------------------------------------
---------------------------------------------------------------------------------
Start Renaming Generated Instances
---------------------------------------------------------------------------------
---------------------------------------------------------------------------------
Finished Renaming Generated Instances : Time (s): cpu = 00:00:21 ; elapsed = 00:00:23 . Memory (MB): peak = 2035.277 ; gain = 643.508 ; free physical = 376 ; free virtual = 5021
Synthesis current peak Physical Memory [PSS] (MB): peak = 1454.194; parent = 1246.556; children = 274.312
Synthesis current peak Virtual Memory [VSS] (MB): peak = 3003.883; parent = 2035.281; children = 968.602
---------------------------------------------------------------------------------
---------------------------------------------------------------------------------
Start Rebuilding User Hierarchy
---------------------------------------------------------------------------------
---------------------------------------------------------------------------------
Finished Rebuilding User Hierarchy : Time (s): cpu = 00:00:21 ; elapsed = 00:00:23 . Memory (MB): peak = 2035.277 ; gain = 643.508 ; free physical = 376 ; free virtual = 5021
Synthesis current peak Physical Memory [PSS] (MB): peak = 1454.241; parent = 1246.603; children = 274.312
Synthesis current peak Virtual Memory [VSS] (MB): peak = 3003.883; parent = 2035.281; children = 968.602
---------------------------------------------------------------------------------
---------------------------------------------------------------------------------
Start Renaming Generated Ports
---------------------------------------------------------------------------------
---------------------------------------------------------------------------------
Finished Renaming Generated Ports : Time (s): cpu = 00:00:21 ; elapsed = 00:00:23 . Memory (MB): peak = 2035.277 ; gain = 643.508 ; free physical = 376 ; free virtual = 5021
Synthesis current peak Physical Memory [PSS] (MB): peak = 1454.241; parent = 1246.603; children = 274.312
Synthesis current peak Virtual Memory [VSS] (MB): peak = 3003.883; parent = 2035.281; children = 968.602
---------------------------------------------------------------------------------
---------------------------------------------------------------------------------
Start Handling Custom Attributes
---------------------------------------------------------------------------------
---------------------------------------------------------------------------------
Finished Handling Custom Attributes : Time (s): cpu = 00:00:21 ; elapsed = 00:00:23 . Memory (MB): peak = 2035.277 ; gain = 643.508 ; free physical = 376 ; free virtual = 5021
Synthesis current peak Physical Memory [PSS] (MB): peak = 1454.265; parent = 1246.626; children = 274.312
Synthesis current peak Virtual Memory [VSS] (MB): peak = 3003.883; parent = 2035.281; children = 968.602
---------------------------------------------------------------------------------
---------------------------------------------------------------------------------
Start Renaming Generated Nets
---------------------------------------------------------------------------------
---------------------------------------------------------------------------------
Finished Renaming Generated Nets : Time (s): cpu = 00:00:21 ; elapsed = 00:00:24 . Memory (MB): peak = 2035.277 ; gain = 643.508 ; free physical = 376 ; free virtual = 5021
Synthesis current peak Physical Memory [PSS] (MB): peak = 1454.280; parent = 1246.642; children = 274.312
Synthesis current peak Virtual Memory [VSS] (MB): peak = 3003.883; parent = 2035.281; children = 968.602
---------------------------------------------------------------------------------
---------------------------------------------------------------------------------
Start Writing Synthesis Report
---------------------------------------------------------------------------------

Report BlackBoxes: 
+-+--------------+----------+
| |BlackBox name |Instances |
+-+--------------+----------+
+-+--------------+----------+

Report Cell Usage: 
+------+-----+------+
|      |Cell |Count |
+------+-----+------+
|1     |BUFG |     1|
|2     |LUT1 |     1|
|3     |LUT2 |     3|
|4     |LUT3 |   132|
|5     |LUT5 |     6|
|6     |LUT6 |    67|
|7     |FDRE |   209|
|8     |IBUF |    55|
|9     |OBUF |    41|
+------+-----+------+

Report Instance Areas: 
+------+---------+-------+------+
|      |Instance |Module |Cells |
+------+---------+-------+------+
|1     |top      |       |   515|
+------+---------+-------+------+
---------------------------------------------------------------------------------
Finished Writing Synthesis Report : Time (s): cpu = 00:00:21 ; elapsed = 00:00:24 . Memory (MB): peak = 2035.277 ; gain = 643.508 ; free physical = 376 ; free virtual = 5021
Synthesis current peak Physical Memory [PSS] (MB): peak = 1454.312; parent = 1246.673; children = 274.312
Synthesis current peak Virtual Memory [VSS] (MB): peak = 3003.883; parent = 2035.281; children = 968.602
---------------------------------------------------------------------------------
Synthesis finished with 0 errors, 0 critical warnings and 108 warnings.
Synthesis Optimization Runtime : Time (s): cpu = 00:00:21 ; elapsed = 00:00:24 . Memory (MB): peak = 2035.277 ; gain = 643.508 ; free physical = 379 ; free virtual = 5023
Synthesis Optimization Complete : Time (s): cpu = 00:00:21 ; elapsed = 00:00:24 . Memory (MB): peak = 2035.285 ; gain = 643.508 ; free physical = 379 ; free virtual = 5023
INFO: [Project 1-571] Translating synthesized netlist
Netlist sorting complete. Time (s): cpu = 00:00:00.01 ; elapsed = 00:00:00.01 . Memory (MB): peak = 2038.246 ; gain = 0.000 ; free physical = 485 ; free virtual = 5132
INFO: [Project 1-570] Preparing netlist for logic optimization
INFO: [Opt 31-138] Pushed 0 inverter(s) to 0 load pin(s).
Netlist sorting complete. Time (s): cpu = 00:00:00 ; elapsed = 00:00:00 . Memory (MB): peak = 2134.910 ; gain = 0.000 ; free physical = 392 ; free virtual = 5047
INFO: [Project 1-111] Unisim Transformation Summary:
No Unisim elements were transformed.

Synth Design complete, checksum: 9ff058da
INFO: [Common 17-83] Releasing license: Synthesis
17 Infos, 105 Warnings, 0 Critical Warnings and 0 Errors encountered.
synth_design completed successfully
synth_design: Time (s): cpu = 00:00:31 ; elapsed = 00:00:27 . Memory (MB): peak = 2134.910 ; gain = 749.078 ; free physical = 590 ; free virtual = 5245
INFO: [Common 17-1381] The checkpoint '/home/javier/TFG/vivado/ip_repo/AXI4-lite_custom/AXI4-lite_custom.runs/synth_1/axi_lite_slave.dcp' has been generated.
INFO: [runtcl-4] Executing : report_utilization -file axi_lite_slave_utilization_synth.rpt -pb axi_lite_slave_utilization_synth.pb
INFO: [Common 17-206] Exiting Vivado at Sat Aug 23 20:04:21 2025...
