#
# An unexpected error has occurred (6)
#
Stack:
/lib/x86_64-linux-gnu/libc.so.6(+0x43090) [0x7f93401a5090]
/lib/x86_64-linux-gnu/libc.so.6(gsignal+0xcb) [0x7f93401a500b]
/lib/x86_64-linux-gnu/libc.so.6(abort+0x12b) [0x7f9340184859]
/home/javier/Xilinx/Vivado/2022.2/lib/lnx64.o/Ubuntu/20/libstdc++.so.6(+0x9e911) [0x7f934062a911]
/home/javier/Xilinx/Vivado/2022.2/lib/lnx64.o/Ubuntu/20/libstdc++.so.6(+0xaa38c) [0x7f934063638c]
/home/javier/Xilinx/Vivado/2022.2/lib/lnx64.o/Ubuntu/20/libstdc++.so.6(+0xa9369) [0x7f9340635369]
/home/javier/Xilinx/Vivado/2022.2/lib/lnx64.o/Ubuntu/20/libstdc++.so.6(__gxx_personality_v0+0x2a1) [0x7f9340635d21]
/home/javier/Xilinx/Vivado/2022.2/lib/lnx64.o/Ubuntu/libgcc_s.so.1(+0x104e3) [0x7f93403834e3]
/home/javier/Xilinx/Vivado/2022.2/lib/lnx64.o/Ubuntu/libgcc_s.so.1(_Unwind_Resume+0x125) [0x7f9340383d65]
/home/javier/Xilinx/Vivado/2022.2/lib/lnx64.o/libboost_thread.so(+0x11695) [0x7f933ec53695]
/home/javier/Xilinx/Vivado/2022.2/lib/lnx64.o/librdi_simbridge_kernel.so(SimBridge::WdbSharedMemReader::~WdbSharedMemReader()+0x1b) [0x7f9309325d0b]
/home/javier/Xilinx/Vivado/2022.2/lib/lnx64.o/librdi_simbridge_kernel.so(SimBridge::WdbLiveReader::~WdbLiveReader()+0x53) [0x7f9309314863]
/home/javier/Xilinx/Vivado/2022.2/lib/lnx64.o/librdi_simbridge_kernel.so(SimBridge::WdbLiveReader::~WdbLiveReader()+0x9) [0x7f9309314b19]
/home/javier/Xilinx/Vivado/2022.2/lib/lnx64.o/librdi_wavedata.so(SimBridge::DataObjMgr::~DataObjMgr()+0x39) [0x7f9313074799]
/home/javier/Xilinx/Vivado/2022.2/lib/lnx64.o/librdi_wavedata.so(+0x2a6442) [0x7f9313096442]
/home/javier/Xilinx/Vivado/2022.2/lib/lnx64.o/librdi_wavedata.so(SimBridge::DataReader::~DataReader()+0x28) [0x7f93130859c8]
/home/javier/Xilinx/Vivado/2022.2/lib/lnx64.o/librdi_wavedata.so(+0x2ebaea) [0x7f93130dbaea]
/home/javier/Xilinx/Vivado/2022.2/lib/lnx64.o/librdi_wavedata.so(SimBridge::LiveSimClient::~LiveSimClient()+0x9) [0x7f93130da409]
/home/javier/Xilinx/Vivado/2022.2/lib/lnx64.o/librdi_simdata.so(RSDData::RSDLiveSimulationObject::closeLiveSimClient()+0x6b) [0x7f931b08785b]
/home/javier/Xilinx/Vivado/2022.2/lib/lnx64.o/librdi_simdata.so(RSDData::RSDLiveSimulationObject::convertToStatic()+0xe3) [0x7f931b087b53]
/home/javier/Xilinx/Vivado/2022.2/lib/lnx64.o/librdi_simtcltasks.so(+0x22a967) [0x7f92caab3967]
/home/javier/Xilinx/Vivado/2022.2/lib/lnx64.o/librdi_common.so(+0xb9430f) [0x7f934131c30f]
/home/javier/Xilinx/Vivado/2022.2/lib/lnx64.o/libtcl8.5.so(+0x3356f) [0x7f933bf4c56f]
/home/javier/Xilinx/Vivado/2022.2/lib/lnx64.o/libtcl8.5.so(+0x76945) [0x7f933bf8f945]
/home/javier/Xilinx/Vivado/2022.2/lib/lnx64.o/libtcl8.5.so(+0x7e0f9) [0x7f933bf970f9]
/home/javier/Xilinx/Vivado/2022.2/lib/lnx64.o/libtcl8.5.so(TclEvalObjEx+0x76) [0x7f933bf4e216]
/home/javier/Xilinx/Vivado/2022.2/lib/lnx64.o/librdi_common.so(hdi::tcltasks::task_manager::eval_in_tcl(Tcl_Interp*, Tcl_Obj*, char const*, bool)+0x7ad) [0x7f934131a6fd]
/home/javier/Xilinx/Vivado/2022.2/lib/lnx64.o/librdi_common.so(hdi::tcltasks::task_manager::eval_in_tcl(Tcl_Interp*, char const*, char const*, bool)+0xda) [0x7f934131ad4a]
/home/javier/Xilinx/Vivado/2022.2/lib/lnx64.o/librdi_common.so(hdi::tcltasks::task_manager::eval_in_tcl_throw(Tcl_Interp*, char const*, char const*, bool)+0x9) [0x7f934131add9]
/home/javier/Xilinx/Vivado/2022.2/lib/lnx64.o/librdi_simtcltasks.so(+0x20ed76) [0x7f92caa97d76]
/home/javier/Xilinx/Vivado/2022.2/lib/lnx64.o/librdi_common.so(+0xb9430f) [0x7f934131c30f]
/home/javier/Xilinx/Vivado/2022.2/lib/lnx64.o/libtcl8.5.so(+0x3356f) [0x7f933bf4c56f]
/home/javier/Xilinx/Vivado/2022.2/lib/lnx64.o/libtcl8.5.so(+0x76945) [0x7f933bf8f945]
/home/javier/Xilinx/Vivado/2022.2/lib/lnx64.o/libtcl8.5.so(+0x7e0f9) [0x7f933bf970f9]
/home/javier/Xilinx/Vivado/2022.2/lib/lnx64.o/libtcl8.5.so(TclEvalObjEx+0x76) [0x7f933bf4e216]
/home/javier/Xilinx/Vivado/2022.2/lib/lnx64.o/librdi_common.so(+0xb91c33) [0x7f9341319c33]
/home/javier/Xilinx/Vivado/2022.2/lib/lnx64.o/libtcl8.5.so(Tcl_ServiceEvent+0x7f) [0x7f933bfc0bef]
/home/javier/Xilinx/Vivado/2022.2/lib/lnx64.o/libtcl8.5.so(Tcl_DoOneEvent+0x154) [0x7f933bfc0f24]
/home/javier/Xilinx/Vivado/2022.2/lib/lnx64.o/librdi_commontasks.so(+0x2b3c27) [0x7f933571dc27]
/home/javier/Xilinx/Vivado/2022.2/lib/lnx64.o/librdi_commontasks.so(+0x2bc4f7) [0x7f93357264f7]
/home/javier/Xilinx/Vivado/2022.2/lib/lnx64.o/librdi_commontasks.so(+0x2bcdff) [0x7f9335726dff]
/home/javier/Xilinx/Vivado/2022.2/lib/lnx64.o/librdi_common.so(+0xb9430f) [0x7f934131c30f]
/home/javier/Xilinx/Vivado/2022.2/lib/lnx64.o/libtcl8.5.so(+0x3356f) [0x7f933bf4c56f]
/home/javier/Xilinx/Vivado/2022.2/lib/lnx64.o/libtcl8.5.so(+0x76945) [0x7f933bf8f945]
/home/javier/Xilinx/Vivado/2022.2/lib/lnx64.o/libtcl8.5.so(+0x7e0f9) [0x7f933bf970f9]
/home/javier/Xilinx/Vivado/2022.2/lib/lnx64.o/libtcl8.5.so(TclEvalObjEx+0x76) [0x7f933bf4e216]
/home/javier/Xilinx/Vivado/2022.2/lib/lnx64.o/librdi_commonmain.so(+0xc3d8) [0x7f934077a3d8]
/home/javier/Xilinx/Vivado/2022.2/lib/lnx64.o/libtcl8.5.so(Tcl_Main+0x1d0) [0x7f933bfb92f0]
/home/javier/Xilinx/Vivado/2022.2/lib/lnx64.o/librdi_common.so(+0xbc17ab) [0x7f93413497ab]
/lib/x86_64-linux-gnu/libpthread.so.0(+0x8609) [0x7f9340147609]
/lib/x86_64-linux-gnu/libc.so.6(clone+0x43) [0x7f9340281353]
